Cycle:        0	|| lui $t0, 0x0            | nop                     | nop                     | nop                     | nop                     |
Cycle:        1	|| lui $t0, 0x0            | nop                     | nop                     | nop                     | nop                     |
Cycle:        2	|| lui $t0, 0x0            | nop                     | nop                     | nop                     | nop                     |
Cycle:        3	|| lui $t0, 0x0            | nop                     | nop                     | nop                     | nop                     |
Cycle:        4	|| lui $t0, 0x0            | nop                     | nop                     | nop                     | nop                     |
Cycle:        5	|| lui $t0, 0x0            | nop                     | nop                     | nop                     | nop                     |
Cycle:        6	|| addiu $t0, $t0, 0x4c    | lui $t0, 0x0            | nop                     | nop                     | nop                     |
Cycle:        7	|| lui $t5, 0x0            | addiu $t0, $t0, 0x4c    | lui $t0, 0x0            | nop                     | nop                     |
Cycle:        8	|| addiu $t5, $t5, 0x7c    | lui $t5, 0x0            | addiu $t0, $t0, 0x4c    | lui $t0, 0x0            | nop                     |
Cycle:        9	|| lw $t5, 0($t5)          | addiu $t5, $t5, 0x7c    | lui $t5, 0x0            | addiu $t0, $t0, 0x4c    | lui $t0, 0x0            |
Cycle:       10	|| lw $t5, 0($t5)          | nop                     | addiu $t5, $t5, 0x7c    | lui $t5, 0x0            | addiu $t0, $t0, 0x4c    |
Cycle:       11	|| lw $t5, 0($t5)          | nop                     | nop                     | addiu $t5, $t5, 0x7c    | lui $t5, 0x0            |
Cycle:       12	|| lw $t5, 0($t5)          | nop                     | nop                     | nop                     | addiu $t5, $t5, 0x7c    |
Cycle:       13	|| lw $t5, 0($t5)          | nop                     | nop                     | nop                     | nop                     |
Cycle:       14	|| lw $t5, 0($t5)          | nop                     | nop                     | nop                     | nop                     |
Cycle:       15	|| addiu $t2, $zero, 0x1   | lw $t5, 0($t5)          | nop                     | nop                     | nop                     |
Cycle:       16	|| sw $t2, 0($t0)          | addiu $t2, $zero, 0x1   | lw $t5, 0($t5)          | nop                     | nop                     |
Cycle:       17	|| sw $t2, 4($t0)          | sw $t2, 0($t0)          | addiu $t2, $zero, 0x1   | lw $t5, 0($t5)          | nop                     |
Cycle:       18	|| sw $t2, 4($t0)          | sw $t2, 0($t0)          | addiu $t2, $zero, 0x1   | lw $t5, 0($t5)          | nop                     |
Cycle:       19	|| sw $t2, 4($t0)          | sw $t2, 0($t0)          | addiu $t2, $zero, 0x1   | lw $t5, 0($t5)          | nop                     |
Cycle:       20	|| sw $t2, 4($t0)          | sw $t2, 0($t0)          | addiu $t2, $zero, 0x1   | lw $t5, 0($t5)          | nop                     |
Cycle:       21	|| sw $t2, 4($t0)          | sw $t2, 0($t0)          | addiu $t2, $zero, 0x1   | lw $t5, 0($t5)          | nop                     |
Cycle:       22	|| sw $t2, 4($t0)          | sw $t2, 0($t0)          | addiu $t2, $zero, 0x1   | lw $t5, 0($t5)          | nop                     |
Cycle:       23	|| sw $t2, 4($t0)          | sw $t2, 0($t0)          | addiu $t2, $zero, 0x1   | lw $t5, 0($t5)          | nop                     |
Cycle:       24	|| sw $t2, 4($t0)          | sw $t2, 0($t0)          | addiu $t2, $zero, 0x1   | lw $t5, 0($t5)          | nop                     |
Cycle:       25	|| sw $t2, 4($t0)          | sw $t2, 0($t0)          | addiu $t2, $zero, 0x1   | lw $t5, 0($t5)          | nop                     |
Cycle:       26	|| addi $t1, $t5, 0xfffe   | sw $t2, 4($t0)          | sw $t2, 0($t0)          | addiu $t2, $zero, 0x1   | lw $t5, 0($t5)          |
Cycle:       27	|| addi $t1, $t5, 0xfffe   | nop                     | sw $t2, 4($t0)          | sw $t2, 0($t0)          | addiu $t2, $zero, 0x1   |
Cycle:       28	|| addi $t1, $t5, 0xfffe   | nop                     | sw $t2, 4($t0)          | sw $t2, 0($t0)          | nop                     |
Cycle:       29	|| addi $t1, $t5, 0xfffe   | nop                     | sw $t2, 4($t0)          | sw $t2, 0($t0)          | nop                     |
Cycle:       30	|| addi $t1, $t5, 0xfffe   | nop                     | sw $t2, 4($t0)          | sw $t2, 0($t0)          | nop                     |
Cycle:       31	|| addi $t1, $t5, 0xfffe   | nop                     | sw $t2, 4($t0)          | sw $t2, 0($t0)          | nop                     |
Cycle:       32	|| addi $t1, $t5, 0xfffe   | nop                     | sw $t2, 4($t0)          | sw $t2, 0($t0)          | nop                     |
Cycle:       33	|| addi $t1, $t5, 0xfffe   | nop                     | sw $t2, 4($t0)          | sw $t2, 0($t0)          | nop                     |
Cycle:       34	|| addi $t1, $t5, 0xfffe   | nop                     | sw $t2, 4($t0)          | sw $t2, 0($t0)          | nop                     |
Cycle:       35	|| addi $t1, $t5, 0xfffe   | nop                     | sw $t2, 4($t0)          | sw $t2, 0($t0)          | nop                     |
Cycle:       36	|| lw $t3, 0($t0)          | addi $t1, $t5, 0xfffe   | nop                     | sw $t2, 4($t0)          | sw $t2, 0($t0)          |
Cycle:       37	|| lw $t3, 0($t0)          | addi $t1, $t5, 0xfffe   | nop                     | sw $t2, 4($t0)          | nop                     |
Cycle:       38	|| lw $t3, 0($t0)          | addi $t1, $t5, 0xfffe   | nop                     | sw $t2, 4($t0)          | nop                     |
Cycle:       39	|| lw $t3, 0($t0)          | addi $t1, $t5, 0xfffe   | nop                     | sw $t2, 4($t0)          | nop                     |
Cycle:       40	|| lw $t3, 0($t0)          | addi $t1, $t5, 0xfffe   | nop                     | sw $t2, 4($t0)          | nop                     |
Cycle:       41	|| lw $t3, 0($t0)          | addi $t1, $t5, 0xfffe   | nop                     | sw $t2, 4($t0)          | nop                     |
Cycle:       42	|| lw $t3, 0($t0)          | addi $t1, $t5, 0xfffe   | nop                     | sw $t2, 4($t0)          | nop                     |
Cycle:       43	|| lw $t3, 0($t0)          | addi $t1, $t5, 0xfffe   | nop                     | sw $t2, 4($t0)          | nop                     |
Cycle:       44	|| lw $t3, 0($t0)          | addi $t1, $t5, 0xfffe   | nop                     | sw $t2, 4($t0)          | nop                     |
Cycle:       45	|| lw $t4, 4($t0)          | lw $t3, 0($t0)          | addi $t1, $t5, 0xfffe   | nop                     | sw $t2, 4($t0)          |
Cycle:       46	|| nop                     | lw $t4, 4($t0)          | lw $t3, 0($t0)          | addi $t1, $t5, 0xfffe   | nop                     |
Cycle:       47	|| add $t2, $t3, $t4       | nop                     | lw $t4, 4($t0)          | lw $t3, 0($t0)          | addi $t1, $t5, 0xfffe   |
Cycle:       48	|| add $t2, $t3, $t4       | nop                     | nop                     | lw $t4, 4($t0)          | lw $t3, 0($t0)          |
Cycle:       49	|| add $t2, $t3, $t4       | nop                     | nop                     | nop                     | lw $t4, 4($t0)          |
Cycle:       50	|| add $t2, $t3, $t4       | nop                     | nop                     | nop                     | nop                     |
Cycle:       51	|| add $t2, $t3, $t4       | nop                     | nop                     | nop                     | nop                     |
Cycle:       52	|| add $t2, $t3, $t4       | nop                     | nop                     | nop                     | nop                     |
Cycle:       53	|| sw $t2, 8($t0)          | add $t2, $t3, $t4       | nop                     | nop                     | nop                     |
Cycle:       54	|| addi $t0, $t0, 0x4      | sw $t2, 8($t0)          | add $t2, $t3, $t4       | nop                     | nop                     |
Cycle:       55	|| addi $t1, $t1, 0xffff   | addi $t0, $t0, 0x4      | sw $t2, 8($t0)          | add $t2, $t3, $t4       | nop                     |
Cycle:       56	|| bgtz $t1, 0xfff8        | addi $t1, $t1, 0xffff   | addi $t0, $t0, 0x4      | sw $t2, 8($t0)          | add $t2, $t3, $t4       |
Cycle:       57	|| bgtz $t1, 0xfff8        | nop                     | addi $t1, $t1, 0xffff   | addi $t0, $t0, 0x4      | sw $t2, 8($t0)          |
Cycle:       58	|| bgtz $t1, 0xfff8        | nop                     | nop                     | addi $t1, $t1, 0xffff   | addi $t0, $t0, 0x4      |
Cycle:       59	|| bgtz $t1, 0xfff8        | nop                     | nop                     | nop                     | addi $t1, $t1, 0xffff   |
Cycle:       60	|| bgtz $t1, 0xfff8        | nop                     | nop                     | nop                     | nop                     |
Cycle:       61	|| bgtz $t1, 0xfff8        | nop                     | nop                     | nop                     | nop                     |
Cycle:       62	|| nop                     | bgtz $t1, 0xfff8        | nop                     | nop                     | nop                     |
Cycle:       63	|| lw $t3, 0($t0)          | nop                     | bgtz $t1, 0xfff8        | nop                     | nop                     |
Cycle:       64	|| lw $t4, 4($t0)          | lw $t3, 0($t0)          | nop                     | bgtz $t1, 0xfff8        | nop                     |
Cycle:       65	|| nop                     | lw $t4, 4($t0)          | lw $t3, 0($t0)          | nop                     | bgtz $t1, 0xfff8        |
Cycle:       66	|| add $t2, $t3, $t4       | nop                     | lw $t4, 4($t0)          | lw $t3, 0($t0)          | nop                     |
Cycle:       67	|| sw $t2, 8($t0)          | add $t2, $t3, $t4       | nop                     | lw $t4, 4($t0)          | lw $t3, 0($t0)          |
Cycle:       68	|| addi $t0, $t0, 0x4      | sw $t2, 8($t0)          | add $t2, $t3, $t4       | nop                     | lw $t4, 4($t0)          |
Cycle:       69	|| addi $t1, $t1, 0xffff   | addi $t0, $t0, 0x4      | sw $t2, 8($t0)          | add $t2, $t3, $t4       | nop                     |
Cycle:       70	|| bgtz $t1, 0xfff8        | addi $t1, $t1, 0xffff   | addi $t0, $t0, 0x4      | sw $t2, 8($t0)          | add $t2, $t3, $t4       |
Cycle:       71	|| nop                     | bgtz $t1, 0xfff8        | addi $t1, $t1, 0xffff   | addi $t0, $t0, 0x4      | sw $t2, 8($t0)          |
Cycle:       72	|| nop                     | bgtz $t1, 0xfff8        | nop                     | addi $t1, $t1, 0xffff   | addi $t0, $t0, 0x4      |
Cycle:       73	|| lw $t3, 0($t0)          | nop                     | bgtz $t1, 0xfff8        | nop                     | addi $t1, $t1, 0xffff   |
Cycle:       74	|| lw $t4, 4($t0)          | lw $t3, 0($t0)          | nop                     | bgtz $t1, 0xfff8        | nop                     |
Cycle:       75	|| nop                     | lw $t4, 4($t0)          | lw $t3, 0($t0)          | nop                     | bgtz $t1, 0xfff8        |
Cycle:       76	|| add $t2, $t3, $t4       | nop                     | lw $t4, 4($t0)          | lw $t3, 0($t0)          | nop                     |
Cycle:       77	|| sw $t2, 8($t0)          | add $t2, $t3, $t4       | nop                     | lw $t4, 4($t0)          | lw $t3, 0($t0)          |
Cycle:       78	|| addi $t0, $t0, 0x4      | sw $t2, 8($t0)          | add $t2, $t3, $t4       | nop                     | lw $t4, 4($t0)          |
Cycle:       79	|| addi $t1, $t1, 0xffff   | addi $t0, $t0, 0x4      | sw $t2, 8($t0)          | add $t2, $t3, $t4       | nop                     |
Cycle:       80	|| bgtz $t1, 0xfff8        | addi $t1, $t1, 0xffff   | addi $t0, $t0, 0x4      | sw $t2, 8($t0)          | add $t2, $t3, $t4       |
Cycle:       81	|| nop                     | bgtz $t1, 0xfff8        | addi $t1, $t1, 0xffff   | addi $t0, $t0, 0x4      | sw $t2, 8($t0)          |
Cycle:       82	|| nop                     | bgtz $t1, 0xfff8        | nop                     | addi $t1, $t1, 0xffff   | addi $t0, $t0, 0x4      |
Cycle:       83	|| lw $t3, 0($t0)          | nop                     | bgtz $t1, 0xfff8        | nop                     | addi $t1, $t1, 0xffff   |
Cycle:       84	|| lw $t4, 4($t0)          | lw $t3, 0($t0)          | nop                     | bgtz $t1, 0xfff8        | nop                     |
Cycle:       85	|| nop                     | lw $t4, 4($t0)          | lw $t3, 0($t0)          | nop                     | bgtz $t1, 0xfff8        |
Cycle:       86	|| add $t2, $t3, $t4       | nop                     | lw $t4, 4($t0)          | lw $t3, 0($t0)          | nop                     |
Cycle:       87	|| sw $t2, 8($t0)          | add $t2, $t3, $t4       | nop                     | lw $t4, 4($t0)          | lw $t3, 0($t0)          |
Cycle:       88	|| addi $t0, $t0, 0x4      | sw $t2, 8($t0)          | add $t2, $t3, $t4       | nop                     | lw $t4, 4($t0)          |
Cycle:       89	|| addi $t1, $t1, 0xffff   | addi $t0, $t0, 0x4      | sw $t2, 8($t0)          | add $t2, $t3, $t4       | nop                     |
Cycle:       90	|| bgtz $t1, 0xfff8        | addi $t1, $t1, 0xffff   | addi $t0, $t0, 0x4      | sw $t2, 8($t0)          | add $t2, $t3, $t4       |
Cycle:       91	|| bgtz $t1, 0xfff8        | addi $t1, $t1, 0xffff   | addi $t0, $t0, 0x4      | sw $t2, 8($t0)          | nop                     |
Cycle:       92	|| bgtz $t1, 0xfff8        | addi $t1, $t1, 0xffff   | addi $t0, $t0, 0x4      | sw $t2, 8($t0)          | nop                     |
Cycle:       93	|| bgtz $t1, 0xfff8        | addi $t1, $t1, 0xffff   | addi $t0, $t0, 0x4      | sw $t2, 8($t0)          | nop                     |
Cycle:       94	|| bgtz $t1, 0xfff8        | addi $t1, $t1, 0xffff   | addi $t0, $t0, 0x4      | sw $t2, 8($t0)          | nop                     |
Cycle:       95	|| bgtz $t1, 0xfff8        | addi $t1, $t1, 0xffff   | addi $t0, $t0, 0x4      | sw $t2, 8($t0)          | nop                     |
Cycle:       96	|| bgtz $t1, 0xfff8        | addi $t1, $t1, 0xffff   | addi $t0, $t0, 0x4      | sw $t2, 8($t0)          | nop                     |
Cycle:       97	|| bgtz $t1, 0xfff8        | addi $t1, $t1, 0xffff   | addi $t0, $t0, 0x4      | sw $t2, 8($t0)          | nop                     |
Cycle:       98	|| bgtz $t1, 0xfff8        | addi $t1, $t1, 0xffff   | addi $t0, $t0, 0x4      | sw $t2, 8($t0)          | nop                     |
Cycle:       99	|| nop                     | bgtz $t1, 0xfff8        | addi $t1, $t1, 0xffff   | addi $t0, $t0, 0x4      | sw $t2, 8($t0)          |
Cycle:      100	|| nop                     | bgtz $t1, 0xfff8        | nop                     | addi $t1, $t1, 0xffff   | addi $t0, $t0, 0x4      |
Cycle:      101	|| lw $t3, 0($t0)          | nop                     | bgtz $t1, 0xfff8        | nop                     | addi $t1, $t1, 0xffff   |
Cycle:      102	|| lw $t4, 4($t0)          | lw $t3, 0($t0)          | nop                     | bgtz $t1, 0xfff8        | nop                     |
Cycle:      103	|| nop                     | lw $t4, 4($t0)          | lw $t3, 0($t0)          | nop                     | bgtz $t1, 0xfff8        |
Cycle:      104	|| add $t2, $t3, $t4       | nop                     | lw $t4, 4($t0)          | lw $t3, 0($t0)          | nop                     |
Cycle:      105	|| sw $t2, 8($t0)          | add $t2, $t3, $t4       | nop                     | lw $t4, 4($t0)          | lw $t3, 0($t0)          |
Cycle:      106	|| addi $t0, $t0, 0x4      | sw $t2, 8($t0)          | add $t2, $t3, $t4       | nop                     | lw $t4, 4($t0)          |
Cycle:      107	|| addi $t1, $t1, 0xffff   | addi $t0, $t0, 0x4      | sw $t2, 8($t0)          | add $t2, $t3, $t4       | nop                     |
Cycle:      108	|| bgtz $t1, 0xfff8        | addi $t1, $t1, 0xffff   | addi $t0, $t0, 0x4      | sw $t2, 8($t0)          | add $t2, $t3, $t4       |
Cycle:      109	|| nop                     | bgtz $t1, 0xfff8        | addi $t1, $t1, 0xffff   | addi $t0, $t0, 0x4      | sw $t2, 8($t0)          |
Cycle:      110	|| nop                     | bgtz $t1, 0xfff8        | nop                     | addi $t1, $t1, 0xffff   | addi $t0, $t0, 0x4      |
Cycle:      111	|| lw $t3, 0($t0)          | nop                     | bgtz $t1, 0xfff8        | nop                     | addi $t1, $t1, 0xffff   |
Cycle:      112	|| lw $t4, 4($t0)          | lw $t3, 0($t0)          | nop                     | bgtz $t1, 0xfff8        | nop                     |
Cycle:      113	|| nop                     | lw $t4, 4($t0)          | lw $t3, 0($t0)          | nop                     | bgtz $t1, 0xfff8        |
Cycle:      114	|| add $t2, $t3, $t4       | nop                     | lw $t4, 4($t0)          | lw $t3, 0($t0)          | nop                     |
Cycle:      115	|| sw $t2, 8($t0)          | add $t2, $t3, $t4       | nop                     | lw $t4, 4($t0)          | lw $t3, 0($t0)          |
Cycle:      116	|| addi $t0, $t0, 0x4      | sw $t2, 8($t0)          | add $t2, $t3, $t4       | nop                     | lw $t4, 4($t0)          |
Cycle:      117	|| addi $t1, $t1, 0xffff   | addi $t0, $t0, 0x4      | sw $t2, 8($t0)          | add $t2, $t3, $t4       | nop                     |
Cycle:      118	|| bgtz $t1, 0xfff8        | addi $t1, $t1, 0xffff   | addi $t0, $t0, 0x4      | sw $t2, 8($t0)          | add $t2, $t3, $t4       |
Cycle:      119	|| nop                     | bgtz $t1, 0xfff8        | addi $t1, $t1, 0xffff   | addi $t0, $t0, 0x4      | sw $t2, 8($t0)          |
Cycle:      120	|| nop                     | bgtz $t1, 0xfff8        | nop                     | addi $t1, $t1, 0xffff   | addi $t0, $t0, 0x4      |
Cycle:      121	|| lw $t3, 0($t0)          | nop                     | bgtz $t1, 0xfff8        | nop                     | addi $t1, $t1, 0xffff   |
Cycle:      122	|| lw $t4, 4($t0)          | lw $t3, 0($t0)          | nop                     | bgtz $t1, 0xfff8        | nop                     |
Cycle:      123	|| nop                     | lw $t4, 4($t0)          | lw $t3, 0($t0)          | nop                     | bgtz $t1, 0xfff8        |
Cycle:      124	|| add $t2, $t3, $t4       | nop                     | lw $t4, 4($t0)          | lw $t3, 0($t0)          | nop                     |
Cycle:      125	|| sw $t2, 8($t0)          | add $t2, $t3, $t4       | nop                     | lw $t4, 4($t0)          | lw $t3, 0($t0)          |
Cycle:      126	|| addi $t0, $t0, 0x4      | sw $t2, 8($t0)          | add $t2, $t3, $t4       | nop                     | lw $t4, 4($t0)          |
Cycle:      127	|| addi $t1, $t1, 0xffff   | addi $t0, $t0, 0x4      | sw $t2, 8($t0)          | add $t2, $t3, $t4       | nop                     |
Cycle:      128	|| bgtz $t1, 0xfff8        | addi $t1, $t1, 0xffff   | addi $t0, $t0, 0x4      | sw $t2, 8($t0)          | add $t2, $t3, $t4       |
Cycle:      129	|| nop                     | bgtz $t1, 0xfff8        | addi $t1, $t1, 0xffff   | addi $t0, $t0, 0x4      | sw $t2, 8($t0)          |
Cycle:      130	|| nop                     | bgtz $t1, 0xfff8        | nop                     | addi $t1, $t1, 0xffff   | addi $t0, $t0, 0x4      |
Cycle:      131	|| lw $t3, 0($t0)          | nop                     | bgtz $t1, 0xfff8        | nop                     | addi $t1, $t1, 0xffff   |
Cycle:      132	|| lw $t4, 4($t0)          | lw $t3, 0($t0)          | nop                     | bgtz $t1, 0xfff8        | nop                     |
Cycle:      133	|| nop                     | lw $t4, 4($t0)          | lw $t3, 0($t0)          | nop                     | bgtz $t1, 0xfff8        |
Cycle:      134	|| add $t2, $t3, $t4       | nop                     | lw $t4, 4($t0)          | lw $t3, 0($t0)          | nop                     |
Cycle:      135	|| sw $t2, 8($t0)          | add $t2, $t3, $t4       | nop                     | lw $t4, 4($t0)          | lw $t3, 0($t0)          |
Cycle:      136	|| addi $t0, $t0, 0x4      | sw $t2, 8($t0)          | add $t2, $t3, $t4       | nop                     | lw $t4, 4($t0)          |
Cycle:      137	|| addi $t1, $t1, 0xffff   | addi $t0, $t0, 0x4      | sw $t2, 8($t0)          | add $t2, $t3, $t4       | nop                     |
Cycle:      138	|| bgtz $t1, 0xfff8        | addi $t1, $t1, 0xffff   | addi $t0, $t0, 0x4      | sw $t2, 8($t0)          | add $t2, $t3, $t4       |
Cycle:      139	|| nop                     | bgtz $t1, 0xfff8        | addi $t1, $t1, 0xffff   | addi $t0, $t0, 0x4      | sw $t2, 8($t0)          |
Cycle:      140	|| nop                     | bgtz $t1, 0xfff8        | nop                     | addi $t1, $t1, 0xffff   | addi $t0, $t0, 0x4      |
Cycle:      141	|| lw $t3, 0($t0)          | nop                     | bgtz $t1, 0xfff8        | nop                     | addi $t1, $t1, 0xffff   |
Cycle:      142	|| lw $t4, 4($t0)          | lw $t3, 0($t0)          | nop                     | bgtz $t1, 0xfff8        | nop                     |
Cycle:      143	|| nop                     | lw $t4, 4($t0)          | lw $t3, 0($t0)          | nop                     | bgtz $t1, 0xfff8        |
Cycle:      144	|| add $t2, $t3, $t4       | nop                     | lw $t4, 4($t0)          | lw $t3, 0($t0)          | nop                     |
Cycle:      145	|| sw $t2, 8($t0)          | add $t2, $t3, $t4       | nop                     | lw $t4, 4($t0)          | lw $t3, 0($t0)          |
Cycle:      146	|| addi $t0, $t0, 0x4      | sw $t2, 8($t0)          | add $t2, $t3, $t4       | nop                     | lw $t4, 4($t0)          |
Cycle:      147	|| addi $t1, $t1, 0xffff   | addi $t0, $t0, 0x4      | sw $t2, 8($t0)          | add $t2, $t3, $t4       | nop                     |
Cycle:      148	|| bgtz $t1, 0xfff8        | addi $t1, $t1, 0xffff   | addi $t0, $t0, 0x4      | sw $t2, 8($t0)          | add $t2, $t3, $t4       |
Cycle:      149	|| nop                     | bgtz $t1, 0xfff8        | addi $t1, $t1, 0xffff   | addi $t0, $t0, 0x4      | sw $t2, 8($t0)          |
Cycle:      150	|| nop                     | bgtz $t1, 0xfff8        | nop                     | addi $t1, $t1, 0xffff   | addi $t0, $t0, 0x4      |
Cycle:      151	|| lw $t3, 0($t0)          | nop                     | bgtz $t1, 0xfff8        | nop                     | addi $t1, $t1, 0xffff   |
Cycle:      152	|| lw $t4, 4($t0)          | lw $t3, 0($t0)          | nop                     | bgtz $t1, 0xfff8        | nop                     |
Cycle:      153	|| nop                     | lw $t4, 4($t0)          | lw $t3, 0($t0)          | nop                     | bgtz $t1, 0xfff8        |
Cycle:      154	|| add $t2, $t3, $t4       | nop                     | lw $t4, 4($t0)          | lw $t3, 0($t0)          | nop                     |
Cycle:      155	|| sw $t2, 8($t0)          | add $t2, $t3, $t4       | nop                     | lw $t4, 4($t0)          | lw $t3, 0($t0)          |
Cycle:      156	|| addi $t0, $t0, 0x4      | sw $t2, 8($t0)          | add $t2, $t3, $t4       | nop                     | lw $t4, 4($t0)          |
Cycle:      157	|| addi $t1, $t1, 0xffff   | addi $t0, $t0, 0x4      | sw $t2, 8($t0)          | add $t2, $t3, $t4       | nop                     |
Cycle:      158	|| bgtz $t1, 0xfff8        | addi $t1, $t1, 0xffff   | addi $t0, $t0, 0x4      | sw $t2, 8($t0)          | add $t2, $t3, $t4       |
Cycle:      159	|| nop                     | bgtz $t1, 0xfff8        | addi $t1, $t1, 0xffff   | addi $t0, $t0, 0x4      | sw $t2, 8($t0)          |
Cycle:      160	|| nop                     | bgtz $t1, 0xfff8        | nop                     | addi $t1, $t1, 0xffff   | addi $t0, $t0, 0x4      |
Cycle:      161	|| HALT                    | nop                     | bgtz $t1, 0xfff8        | nop                     | addi $t1, $t1, 0xffff   |
Cycle:      162	|| nop                     | HALT                    | nop                     | bgtz $t1, 0xfff8        | nop                     |
Cycle:      163	|| nop                     | nop                     | HALT                    | nop                     | bgtz $t1, 0xfff8        |
Cycle:      164	|| nop                     | nop                     | nop                     | HALT                    | nop                     |
Cycle:      165	|| nop                     | nop                     | nop                     | nop                     | HALT                    |
